../Core/Src/main.c:173:5:main	1
../Core/Src/main.c:278:6:SystemClock_Config	3
../Core/Src/main.c:319:13:MX_ADC1_Init	3
../Core/Src/main.c:371:13:MX_CAN1_Init	2
../Core/Src/main.c:408:13:MX_SPI1_Init	2
../Core/Src/main.c:446:13:MX_TIM6_Init	3
../Core/Src/main.c:482:13:MX_DMA_Init	1
../Core/Src/main.c:503:13:MX_GPIO_Init	1
../Core/Src/main.c:547:6:delay_us	2
../Core/Src/main.c:557:6:HAL_SPI_RxCpltCallback	1
../Core/Src/main.c:561:6:HAL_SPI_TxCpltCallback	2
../Core/Src/main.c:568:10:crc16	4
../Core/Src/main.c:590:6:SPI_frame	4
../Core/Src/main.c:618:6:BQ79600_WriteReg	2
../Core/Src/main.c:629:6:BQ79600_ReadReg	6
../Core/Src/main.c:680:6:Comm_Init	1
../Core/Src/main.c:729:6:Start_Cell_Volts	1
../Core/Src/main.c:745:6:Error_Handler	1
