../Core/Src/main.c:173:5:main	32	static
../Core/Src/main.c:278:6:SystemClock_Config	88	static
../Core/Src/main.c:319:13:MX_ADC1_Init	24	static
../Core/Src/main.c:371:13:MX_CAN1_Init	8	static
../Core/Src/main.c:408:13:MX_SPI1_Init	8	static
../Core/Src/main.c:446:13:MX_TIM6_Init	16	static
../Core/Src/main.c:482:13:MX_DMA_Init	16	static
../Core/Src/main.c:503:13:MX_GPIO_Init	40	static
../Core/Src/main.c:547:6:delay_us	16	static
../Core/Src/main.c:557:6:HAL_SPI_RxCpltCallback	16	static
../Core/Src/main.c:561:6:HAL_SPI_TxCpltCallback	16	static
../Core/Src/main.c:568:10:crc16	24	static
../Core/Src/main.c:590:6:SPI_frame	24	static
../Core/Src/main.c:618:6:BQ79600_WriteReg	32	static
../Core/Src/main.c:629:6:BQ79600_ReadReg	1208	static
../Core/Src/main.c:680:6:Comm_Init	48	static
../Core/Src/main.c:729:6:Start_Cell_Volts	32	static
../Core/Src/main.c:745:6:Error_Handler	4	static,ignoring_inline_asm
