../Core/Src/main.c:76:5:main	8	static
../Core/Src/main.c:126:6:SystemClock_Config	88	static
../Core/Src/main.c:167:13:MX_ADC1_Init	24	static
../Core/Src/main.c:219:13:MX_CAN1_Init	8	static
../Core/Src/main.c:256:13:MX_SPI1_Init	8	static
../Core/Src/main.c:292:13:MX_DMA_Init	16	static
../Core/Src/main.c:313:13:MX_GPIO_Init	40	static
../Core/Src/main.c:347:6:HAL_SPI_RxCpltCallback	16	static
../Core/Src/main.c:351:6:HAL_SPI_TxCpltCallback	16	static
../Core/Src/main.c:361:6:Error_Handler	4	static,ignoring_inline_asm
