../Core/Src/main.c:68:6:toggle_LED	8	static
../Core/Src/main.c:74:6:AT_Config	128	static
../Core/Src/main.c:126:6:CAN_Config	64	static
../Core/Src/main.c:168:6:HAL_UART_RxCpltCallback	24	static
../Core/Src/main.c:194:6:HAL_CAN_RxFifo0MsgPendingCallback	48	static
../Core/Src/main.c:234:5:main	40	static
../Core/Src/main.c:328:6:SystemClock_Config	88	static
../Core/Src/main.c:367:13:MX_CAN_Init	8	static
../Core/Src/main.c:404:13:MX_USART2_UART_Init	8	static
../Core/Src/main.c:439:13:MX_GPIO_Init	48	static
../Core/Src/main.c:475:6:send_at_command	16	static
../Core/Src/main.c:480:6:send_command_and_wait	16	static
../Core/Src/main.c:493:6:Error_Handler	8	static,ignoring_inline_asm
