../Core/Src/main.c:64:6:toggle_LED	8	static
../Core/Src/main.c:72:6:AT_Config	128	static
../Core/Src/main.c:124:6:CAN_Config	64	static
../Core/Src/main.c:166:6:HAL_UART_RxCpltCallback	24	static
../Core/Src/main.c:192:6:HAL_CAN_RxFifo0MsgPendingCallback	64	static
../Core/Src/main.c:238:5:main	24	static
../Core/Src/main.c:323:6:SystemClock_Config	88	static
../Core/Src/main.c:362:13:MX_CAN_Init	8	static
../Core/Src/main.c:399:13:MX_USART2_UART_Init	8	static
../Core/Src/main.c:434:13:MX_GPIO_Init	48	static
../Core/Src/main.c:470:6:send_at_command	16	static
../Core/Src/main.c:475:6:send_command_and_wait	16	static
../Core/Src/main.c:489:6:Error_Handler	8	static,ignoring_inline_asm
