../Core/Src/main.c:95:6:send_at_command	16	static
../Core/Src/main.c:101:6:toggle_LED	8	static
../Core/Src/main.c:219:6:HAL_UART_RxCpltCallback	16	static
../Core/Src/main.c:257:5:_write	24	static
../Core/Src/main.c:271:5:main	8	static
../Core/Src/main.c:363:6:SystemClock_Config	96	static
../Core/Src/main.c:412:6:PeriphCommonClock_Config	144	static
../Core/Src/main.c:438:13:MX_ADC1_Init	48	static
../Core/Src/main.c:505:13:MX_ADC2_Init	32	static
../Core/Src/main.c:563:13:MX_CAN1_Init	8	static
../Core/Src/main.c:600:13:MX_USART1_UART_Init	8	static
../Core/Src/main.c:635:13:MX_USART2_UART_Init	8	static
../Core/Src/main.c:668:13:MX_DMA_Init	16	static
../Core/Src/main.c:686:13:MX_GPIO_Init	48	static
../Core/Src/main.c:728:6:Error_Handler	4	static,ignoring_inline_asm
